<!doctype html>
<html lang="en">
    <head>
        <!-- Required meta tags -->
        <meta charset="utf-8">
        <meta name="viewport" content="width=device-width, initial-scale=1, shrink-to-fit=no">

        <!-- Bootstrap CSS -->
    
        <link rel ="stylesheet" type="text/css" href="css/fontawesome.min.css"/>
        <link rel ="stylesheet" type="text/css" href="css/bootstrap.min.css" />
        <link rel ="stylesheet" type="text/css" href="css/animate.css" />
        <link rel ="stylesheet" type="text/css" href="css/main.css" />

        <link href="https://fonts.googleapis.com/css?family=Roboto:400,400i&display=swap" rel="stylesheet">
        <link href="https://fonts.googleapis.com/css?family=Montserrat:400,700&display=swap" rel="stylesheet">

        <link rel="stylesheet" href="https://use.fontawesome.com/releases/v5.2.0/css/all.css" integrity="sha384-hWVjflwFxL6sNzntih27bfxkr27PmbbK/iSvJ+a4+0owXq79v+lsFkW54bOGbiDQ" crossorigin="anonymous">     </head>


        <title>Golden Website</title>

    </head>

    <body>

        <section id="cover">
            <div class="container">
                <div class="row">
                    <nav class="navbar fixed-top navbar-expand-sm navbar-light"  >
                        <a class="navbar-brand" href="#"><img src="images/logo.png" alt="Golden Website"/></a>
                        <button class="navbar-toggler" type="button" data-toggle="collapse" data-target="#navbarNav" aria-controls="navbarNav" aria-expanded="false" aria-label="Toggle navigation">
                        <span class="navbar-toggler-icon"></span>
                        </button>
                        <div class="collapse navbar-collapse justify-content-end" id="navbarNav">
                            <ul class="navbar-nav">
                                <li class="nav-item">
                                    <a class="nav-link" href="#cover">HOME <span class="sr-only">(current)</span></a>
                                </li>
                                <li class="nav-item">
                                    <a class="nav-link" href="#services">SERVICES</a>
                                </li>
                                <li class="nav-item">
                                    <a class="nav-link" href="#portfolio">PORTFOLIO</a>
                                </li>
                                <li class="nav-item">
                                    <a class="nav-link" href="#aboutUs">ABOUT</a>
                                </li>
                                <li class="nav-item">
                                    <a class="nav-link" href="#contact">CONTACT</a>
                                </li>
                            </ul>
                        </div>
                    </nav>
                </div>

                <div class="row text-center">
                    <div class="col-sm-12">
                        <h1>Wellcome!</h1>
                    </div>
                    <div class="col-sm-12">
                        <h2>IT`S NICE TO MEET YOU</h2>
                    </div>
                    <div class="col-sm-12">
                        <a href="#"><button type="button" class="btn btn-primary btn-lg">TELL ME MORE</button></a>
                    </div>
                </div>
            </div>
        </section>


        <section id="services">
            <div class="container">
                <div class="services-top text-center wow fadeInUp" data-wow-duration="2s">
                    <h3>SERVICES</h3>
                    <p>Proin iaculis purus consequat sem cure.</p>
                </div>

                <div class="services-content text-center">
                    <div class="row">
                        <div class="col-md-4 wow fadeInLeft" data-wow-duration="2s">
                            <div class="item-circle">
                                <i class="fas fa-atom fa-3x"></i>
                            </div>
                            <h4>E-Commerce</h4>
                            <p>Proin iaculis purus consequat sem cure dgni ssim. Donec porttitora entum suscipit aenean rhoncus posuere odio in tincidunt.</p>
                        </div>
                        <div class="col-md-4 wow fadeInUp" data-wow-duration="2s">
                            <div class="item-circle">
                                <i class="fas fa-desktop fa-3x"></i>
                            </div>
                            <h4>Responsive Web</h4>
                            <p>Proin iaculis purus consequat sem cure dgni ssim. Donec porttitora entum suscipit aenean rhoncus posuere odio in tincidunt.</p>
                        </div>
                        <div class="col-md-4 wow fadeInRight" data-wow-duration="2s">
                            <div class="item-circle">
                                <i class="fas fa-lock fa-3x"></i>
                            </div>
                            <h4>Web Security</h4>
                            <p>Proin iaculis purus consequat sem cure dgni ssim. Donec porttitora entum suscipit aenean rhoncus posuere odio in tincidunt.</p>
                        </div>
                    </div>
                </div>
            </div>
        </section>


        <section id="portfolio">
            <div class="container">
                <div class="portfolio-top text-center">
                    <h3>OUR PORTFOLIO</h3>
                    <p>Proin iaculis purus consequat sem cure.</p>
                </div>
                <div class="portfolio-content text-center">
                    <div class="row">
                        <div class="col-md-4">
                            <div class="card">
                                <img src="images/product1.jpg" alt="product1"/>
                                <div class="card-block">
                                    <h4 class="card-title">Ebony &amp; Ivory</h4>
                                    <p class="card-subtitle text-muted">Branding</p>
                                </div>
                            </div>
                        </div>
                        <div class="col-md-4">
                            <div class="card">
                                <img src="images/product1.jpg" alt="product2"/>
                                <div class="card-block">
                                    <h4 class="card-title">Ebony &amp; Ivory</h4>
                                    <p class="card-subtitle text-muted">Branding</p>
                                </div>
                            </div>
                        </div>
                        <div class="col-md-4">
                            <div class="card">
                                <img src="images/product1.jpg" alt="product3"/>
                                <div class="card-block">
                                    <h4 class="card-title">Ebony &amp; Ivory</h4>
                                    <p class="card-subtitle text-muted">Branding</p>
                                </div>
                            </div>
                        </div>
                    </div>
                    <div class="row">
                        <div class="col-md-4">
                            <div class="card">
                                <img src="images/product1.jpg" alt="product4"/>
                                <div class="card-block">
                                    <h4 class="card-title">Ebony &amp; Ivory</h4>
                                    <p class="card-subtitle text-muted">Branding</p>
                                </div>
                            </div>
                        </div>
                        <div class="col-md-4">
                            <div class="card">
                                <img src="images/product1.jpg" alt="product5"/>
                                <div class="card-block">
                                    <h4 class="card-title">Ebony &amp; Ivory</h4>
                                    <p class="card-subtitle text-muted">Branding</p>
                                </div>
                            </div>
                        </div>
                        <div class="col-md-4">
                            <div class="card">
                                <img src="images/product1.jpg" alt="product6"/>
                                <div class="card-block">
                                    <h4 class="card-title">Ebony &amp; Ivory</h4>
                                    <p class="card-subtitle text-muted">Branding</p>
                                </div>
                            </div>
                        </div>
                    </div>
                </div>
            </div>
        </section>


        <section id="aboutUs">
            <div class="container">
                <div class="aboutUs-top text-center">
                    <h3>ABOUT US</h3>
                    <p>Proin iaculis purus consequat sem cure.</p>
                </div>
                <div class="aboutUs-content">
                    <div class="row">
                        <div class="col-md-4 text-right">
                            <h4>JULY 2010</h4>
                            <h4>Our Humble Beginnings</h4>
                            <p>Proin iaculis purus consequat sem cure.Proin iaculis purus consequat sem cure.Proin iaculis purus consequat sem cure.</p>
                        </div>
                        <div class="col-md-4 d-none d-md-block text-center">
                            <img src="images/aboutUs.jpg" class="rounded-circle"/>
                        </div>
                    </div>
                    <div class="row">
                        <div class="col-md-4 d-none d-md-block offset-sm-4 text-center">
                            <img src="images/aboutUs.jpg" class="rounded-circle"/>
                        </div>
                        <div class="col-md-4">
                            <h4>JULY 2010</h4>
                            <h4>Our Humble Beginnings</h4>
                            <p>Proin iaculis purus consequat sem cure.Proin iaculis purus consequat sem cure.Proin iaculis purus consequat sem cure.</p>
                        </div>
                    </div>
                    <div class="row">
                        <div class="col-md-4 text-right">
                            <h4>JULY 2010</h4>
                            <h4>Our Humble Beginnings</h4>
                            <p>Proin iaculis purus consequat sem cure.Proin iaculis purus consequat sem cure.Proin iaculis purus consequat sem cure.</p>
                        </div>
                        <div class="col-md-4 d-none d-md-block text-center">
                            <img src="images/aboutUs.jpg" class="rounded-circle"/>
                        </div>
                    </div>
                    <div class="row">
                        <div class="col-md-4 d-none d-md-block offset-sm-4 text-center">
                            <img src="images/aboutUs.jpg" class="rounded-circle"/>
                        </div>
                        <div class="col-md-4">
                            <h4>JULY 2010</h4>
                            <h4>Our Humble Beginnings</h4>
                            <p>Proin iaculis purus consequat sem cure.Proin iaculis purus consequat sem cure.Proin iaculis purus consequat sem cure.</p>
                        </div>
                    </div>
                    <div class="row">
                        <div class="col-md-4 d-none d-md-block offset-sm-4">
                            <div class="about-circle">
                                <p class="yellow-text">OUR<br>STORY<br>CONTINUES...</p>
                            </div>
                        </div>
                    </div>
                </div>
            </div>
        </section>

        <section id="team">
            <div class="container">
                <div class="team-top text-center">
                    <h3>OUR AMAZING TEAM</h3>
                    <p>Proin iaculis purus consequat sem cure.</p>
                </div>
                <div class="team-content">
                    <div class="row">
                        <div class="col-md-4 text-center">
                            <div class="team-circle"></div>
                            <h4>Kimberly Thompson</h4>
                            <h5>Marketer</h5>
                            <ul class="social-icons"></ul>
                                <li class="social-icon">
                                    <i class="fab fa-twitter"></i>
                                </li>
                                <li class="social-icon">
                                    <i class="fab fa-facebook"></i>
                                </li>
                                <li class="social-icon">
                                    <i class="fab fa-pinterest"></i>
                                </li>
                        </div>
                        <div class="col-md-4 text-center">
                            <div class="team-circle"></div>
                            <h4>Rico Massimo</h4>
                            <h5>Coder</h5>
                            <ul class="social-icons"></ul>
                                <li class="social-icon">
                                    <i class="fab fa-twitter"></i>
                                </li>
                                <li class="social-icon">
                                    <i class="fab fa-facebook"></i>
                                </li>
                                <li class="social-icon">
                                    <i class="fab fa-pinterest"></i>
                                </li>
                        </div>
                        <div class="col-md-4 text-center">
                            <div class="team-circle"></div>
                            <h4>Uku Mason</h4>
                            <h5>Graphic Designer</h5>
                            <ul class="social-icons"></ul>
                                <li class="social-icon">
                                    <i class="fab fa-facebook"></i>
                                </li>
                                <li class="social-icon">
                                    <i class="fab fa-pinterest"></i>
                                </li>
                        </div>
                    </div>
                    <div class="row text-center">
                        <p>Proin iaculis purus consequat sem cure.Proin iaculis purus consequat sem cure.Proin iaculis purus consequat sem cure.</p>
                    </div>
                </div>
            </div>
        </section>

        <section id="partner">
            <div class="container">
                <div class="row text-center">
                    <div class="col-md-4">
                        <img src="images/partner4.png" alt="Sapporo"/>
                    </div>
                    <div class="col-md-4">
                        <img src="images/partner4.png" alt="Sapporo"/>
                    </div>
                    <div class="col-md-4">
                        <img src="images/partner4.png" alt="Sapporo"/>
                    </div>
                </div>
            </div>
        </section>

        <section id="contact">
            <div class="container">
                <div class="contact-top text-center">
                    <h3>CONTACT US</h3>
                    <p>Proin iaculis purus consequat sem cure.Proin iaculis purus consequat sem cure.</p>
                </div>
                <div class="contact-content">
                    <form class="golden-form" role="form" method="POST">
                        <div class="row">
                            <div class="col-md-6">
                                <div class="form-element">
                                    <input type="text" class="golden-form-element" id="name" name="name" placeholder="YOUR NAME*">
                                </div>
                                <div class="form-element">
                                    <input type="email" class="golden-form-element" id="email" name="email" placeholder="YOUR E-MAIL*">
                                </div>
                                <div class="form-element">
                                    <input type="text" class="golden-form-element" id="subject" name="subject" placeholder="SUBJECT*">
                                </div>
                            </div>
                            <div class="col-md-6">
                                <div class="form-element">
                                    <textarea class="golden-form-element" name="message" placeholder="YOUR MESSAGE*"></textarea>
                                </div>
                            </div>
                        </div>
                        <div class="row justify-content-center">
                            <div class="form-element">
                                <input type="submit" class="btn btn-primary btn-lg" id="submit" name="submit" value="SEND MESSAGE">
                            </div>
                        </div>
                    </form>
                </div>
            </div>
        </section>

        <section id="footer">
            <div class="container">
                <div class="row">
                    <div class="col-md-4">
                        <p>&copy; Copyright 2020</p>
                    </div>
                    <div class="col-md-4">
                        <ul class="company-social-icons text-center">
                            <li class="company-social-icon">
                                <i class="fab fa-twitter"></i>
                            </li>
                            <li class="company-social-icon">
                                <i class="fab fa-facebook"></i>
                            </li>
                            <li class="company-social-icon">
                                <i class="fab fa-pinterest"></i>
                            </li>
                            <li class="company-social-icon">
                                <i class="fab fa-google-plus"></i>
                            </li>
                        </ul>
                    </div>
                </div>
            </div>
        </section>


        <script src="js/jquery-3.4.1.min.js"></script>
        <script src="js/bootstrap.min.js"></script>
        <script src="js/wow.js"></script>
        <script>
            new WOW().init();
        </script>
        <script src="js/main.js"></script>

    </body>
</html>